------------------------------------------------------------
Timing Analyzer Summary
------------------------------------------------------------

Type  : Slow 1100mV 85C Model Setup 'KEY[0]'
Slack : -1.247
TNS   : -8.410

Type  : Slow 1100mV 85C Model Hold 'KEY[0]'
Slack : 0.480
TNS   : 0.000

Type  : Slow 1100mV 85C Model Minimum Pulse Width 'KEY[0]'
Slack : -0.538
TNS   : -7.294

Type  : Slow 1100mV 0C Model Setup 'KEY[0]'
Slack : -1.188
TNS   : -7.772

Type  : Slow 1100mV 0C Model Hold 'KEY[0]'
Slack : 0.462
TNS   : 0.000

Type  : Slow 1100mV 0C Model Minimum Pulse Width 'KEY[0]'
Slack : -0.538
TNS   : -7.436

Type  : Fast 1100mV 85C Model Setup 'KEY[0]'
Slack : -0.031
TNS   : -0.062

Type  : Fast 1100mV 85C Model Hold 'KEY[0]'
Slack : 0.272
TNS   : 0.000

Type  : Fast 1100mV 85C Model Minimum Pulse Width 'KEY[0]'
Slack : 0.003
TNS   : 0.000

Type  : Fast 1100mV 0C Model Setup 'KEY[0]'
Slack : 0.049
TNS   : 0.000

Type  : Fast 1100mV 0C Model Hold 'KEY[0]'
Slack : 0.251
TNS   : 0.000

Type  : Fast 1100mV 0C Model Minimum Pulse Width 'KEY[0]'
Slack : 0.010
TNS   : 0.000

------------------------------------------------------------
